################ ARM identity ################
ARM=identity kernels_configured=7 M=1..32 N=2048 K=2048
  DB=sqlite:////tmp/ab_identity.db
{
  "arm": "identity",
  "kernels_configured": 7,
  "M_max": 32,
  "tuner_calls": 31,
  "tunings": 31,
  "total_bench_s": 241.079,
  "wall_s": 241.825,
  "per_tuning_s": 7.78,
  "by_kernel": {
    "mm_kernel_splitk": 15,
    "mm_kernel_nt": 16
  }
}
################ ARM align32 ################
ARM=align32 kernels_configured=7 M=1..32 N=2048 K=2048
  DB=sqlite:////tmp/ab_align32.db
{
  "arm": "align32",
  "kernels_configured": 7,
  "M_max": 32,
  "tuner_calls": 31,
  "tunings": 31,
  "total_bench_s": 234.737,
  "wall_s": 235.493,
  "per_tuning_s": 7.57,
  "by_kernel": {
    "mm_kernel_splitk": 15,
    "mm_kernel_nt": 16
  }
}
